Microchip Technology Inc, v2.10 (B)

Tool Name:
  c:\program files\microchip\xc16\v2.10\bin\bin\..\bin/elf-ld.exe

Command:
  -p24FJ256GA705 \
  --mdfp=C:/Program Files/Microchip/MPLABX/v6.05/packs/Microchip/PIC24F-GA-GB_DFP/1.8.217/xc16 \
  -o \
  dist/default/production/CuriosityOledBase.X.production.elf \
  -Lc:/program files/microchip/xc16/v2.10/bin/bin/.. \
  -LC:/Program Files/Microchip/MPLABX/v6.05/packs/Microchip/PIC24F-GA-GB_DFP/1.8.217/xc16/bin/../support/PIC24F/gld \
  -Lc:/program files/microchip/xc16/v2.10/bin/bin/../../lib \
  -Lc:/program files/microchip/xc16/v2.10/bin/bin/../../support/PIC24E/gld \
  -Lc:/program files/microchip/xc16/v2.10/bin/bin/../../support/PIC24F/gld \
  -Lc:/program files/microchip/xc16/v2.10/bin/bin/../../support/PIC24H/gld \
  -Lc:/program files/microchip/xc16/v2.10/bin/bin/../../support/dsPIC30F/gld \
  -Lc:/program files/microchip/xc16/v2.10/bin/bin/../../support/dsPIC33C/gld \
  -Lc:/program files/microchip/xc16/v2.10/bin/bin/../../support/dsPIC33E/gld \
  -Lc:/program files/microchip/xc16/v2.10/bin/bin/../../support/dsPIC33F/gld \
  build/default/production/accel3Driver/ACCEL3.o \
  build/default/production/adcDriver/ADC.o \
  build/default/production/i2cDriver/I2C.o \
  build/default/production/ledDriver/LED_tests.o \
  build/default/production/oledDriver/oledC.o \
  build/default/production/oledDriver/oledC_shapeHandler.o \
  build/default/production/oledDriver/oledC_shapes.o \
  build/default/production/spiDriver/spi1_driver.o \
  build/default/production/switchDriver/Switch.o \
  build/default/production/System/clock.o \
  build/default/production/System/delay.o \
  build/default/production/System/interrupt_manager.o \
  build/default/production/System/pin_manager.o \
  build/default/production/System/system.o \
  build/default/production/System/traps.o \
  build/default/production/System/where_was_i.o \
  build/default/production/Timers/Timers.o \
  build/default/production/WatchApp/pomodoroTimer/pomodoro.o \
  build/default/production/WatchApp/shared/watch_state.o \
  build/default/production/WatchApp/watchCore/alarm.o \
  build/default/production/WatchApp/watchCore/timekeeper.o \
  build/default/production/WatchApp/watchFaces/analog_face.o \
  build/default/production/WatchApp/watchFaces/binary_face.o \
  build/default/production/WatchApp/watchFaces/digital_face.o \
  build/default/production/WatchApp/watchFaces/alarm_face.o \
  build/default/production/WatchApp/watchFaces/watch_face_common.o \
  build/default/production/WatchApp/watchFaces/watch_face_geometry.o \
  build/default/production/WatchApp/watchInput/accel_input.o \
  build/default/production/WatchApp/watchInput/buttons.o \
  build/default/production/WatchApp/watchInput/potentiometer.o \
  build/default/production/WatchApp/watchManagers/app_display_manager.o \
  build/default/production/WatchApp/watchManagers/app_input_handler.o \
  build/default/production/WatchApp/watchManagers/app_time_manager.o \
  build/default/production/WatchApp/watchMenu/menu.o \
  build/default/production/WatchApp/app_init.o \
  build/default/production/WatchApp/watch_main.o \
  build/default/production/main.o \
  build/default/production/WatchApp/watchMenu/menu_core.o \
  build/default/production/WatchApp/watchMenu/menu_state.o \
  build/default/production/WatchApp/watchMenu/menu_render.o \
  build/default/production/WatchApp/watchMenu/menu_input.o \
  build/default/production/WatchApp/watchDebug/debug_menu.o \
  --local-stack \
  --defsym=__MPLAB_BUILD=1 \
  -Tp24FJ256GA705.gld.00 \
  --stack=16 \
  --check-sections \
  --data-init \
  --pack-data \
  --handles \
  --isr \
  --no-gc-sections \
  --fill-upper=0 \
  --stackguard=16 \
  --no-force-link \
  --smart-io \
  -Map=dist/default/production/CuriosityOledBase.X.production.map \
  --report-mem \
  --memorysummary \
  dist/default/production/memoryfile.xml \
  -start-group \
  --library=c99-pic30-elf \
  --library=m-elf \
  --library=c99-elf \
  -end-group \


Optional library libpPIC24Fxxx.a not found
Archive member included because of file (symbol)

c:/program files/microchip/xc16/v2.10/bin/bin/../../lib\libc99-pic30-elf.a(crt0_extended24.o)
                              (__resetPRI)
c:/program files/microchip/xc16/v2.10/bin/bin/../../lib\libc99-pic30-elf.a(data_init_24.o)
                              c:/program files/microchip/xc16/v2.10/bin/bin/../../lib\libc99-pic30-elf.a(crt0_extended24.o) (__data_init_da)
c:/program files/microchip/xc16/v2.10/bin/bin/../../lib\libc99-pic30-elf.a(crt_start_mode_normalda.Meo)
                              (__crt_start_mode_normal)
c:/program files/microchip/xc16/v2.10/bin/bin/../../lib\libc99-pic30-elf.a(delay32da.Meo)
                              build/default/production/System/delay.o (___delay32)
c:/program files/microchip/xc16/v2.10/bin/bin/../../lib\libc99-pic30-elf.a(floatunsisf.DA_o)
                              build/default/production/adcDriver/ADC.o (___floatunsisf)
[...]
Memory Configuration

Name             Origin             Length             Attributes
data             0x000800           0x004000           a !xr
reset            0x000000           0x000004  
ivt              0x000004           0x0000fc  
program          0x000100           0x02ae00           xr
FSEC             0x02af00           0x000002  
FBSLIM           0x02af10           0x000002  
FSIGN            0x02af14           0x000002  
FOSCSEL          0x02af18           0x000002  
FOSC             0x02af1c           0x000002  
FWDT             0x02af20           0x000002  
FPOR             0x02af24           0x000002  
FICD             0x02af28           0x000002  
FDEVOPT1         0x02af2c           0x000002  
*default*        0x000000           0xffffffff  

Linker script and memory map

LOAD build/default/production/accel3Driver/ACCEL3.o
LOAD build/default/production/adcDriver/ADC.o
LOAD build/default/production/i2cDriver/I2C.o
LOAD build/default/production/ledDriver/LED_tests.o
LOAD build/default/production/oledDriver/oledC.o
LOAD build/default/production/oledDriver/oledC_shapeHandler.o
LOAD build/default/production/oledDriver/oledC_shapes.o
LOAD build/default/production/spiDriver/spi1_driver.o
LOAD build/default/production/switchDriver/Switch.o
LOAD build/default/production/System/clock.o
LOAD build/default/production/System/delay.o
LOAD build/default/production/System/interrupt_manager.o
LOAD build/default/production/System/pin_manager.o
LOAD build/default/production/System/system.o
LOAD build/default/production/System/traps.o
LOAD build/default/production/System/where_was_i.o
LOAD build/default/production/Timers/Timers.o
LOAD build/default/production/WatchApp/pomodoroTimer/pomodoro.o
LOAD build/default/production/WatchApp/shared/watch_state.o
LOAD build/default/production/WatchApp/watchCore/alarm.o
LOAD build/default/production/WatchApp/watchCore/timekeeper.o
LOAD build/default/production/WatchApp/watchFaces/analog_face.o
LOAD build/default/production/WatchApp/watchFaces/binary_face.o
LOAD build/default/production/WatchApp/watchFaces/digital_face.o
LOAD build/default/production/WatchApp/watchFaces/alarm_face.o
LOAD build/default/production/WatchApp/watchFaces/watch_face_common.o
LOAD build/default/production/WatchApp/watchFaces/watch_face_geometry.o
LOAD build/default/production/WatchApp/watchInput/accel_input.o
LOAD build/default/production/WatchApp/watchInput/buttons.o
LOAD build/default/production/WatchApp/watchInput/potentiometer.o
LOAD build/default/production/WatchApp/watchManagers/app_display_manager.o
LOAD build/default/production/WatchApp/watchManagers/app_input_handler.o
LOAD build/default/production/WatchApp/watchManagers/app_time_manager.o
LOAD build/default/production/WatchApp/watchMenu/menu.o
LOAD build/default/production/WatchApp/app_init.o
LOAD build/default/production/WatchApp/watch_main.o
LOAD build/default/production/main.o
LOAD build/default/production/WatchApp/watchMenu/menu_core.o
LOAD build/default/production/WatchApp/watchMenu/menu_state.o
LOAD build/default/production/WatchApp/watchMenu/menu_render.o
LOAD build/default/production/WatchApp/watchMenu/menu_input.o
LOAD build/default/production/WatchApp/watchDebug/debug_menu.o
                    0x0001                  __MPLAB_BUILD = 0x1
LOAD pPIC24Fxxx
LOAD c:/program files/microchip/xc16/v2.10/bin/bin/../../lib\libfx-elf.a
                    0x2af00                  __FSEC = 0x2af00
                    0x2af10                  __FBSLIM = 0x2af10
                    0x2af14                  __FSIGN = 0x2af14
                    0x2af18                  __FOSCSEL = 0x2af18
                    0x2af1c                  __FOSC = 0x2af1c
                    0x2af20                  __FWDT = 0x2af20
                    0x2af24                  __FPOR = 0x2af24
                    0x2af28                  __FICD = 0x2af28
                    0x2af2c                  __FDEVOPT1 = 0x2af2c
                    0x0100                  __CODE_BASE = 0x100
                    0x2ae00                  __CODE_LENGTH = 0x2ae00
                    0x0004                  __IVT_BASE = 0x4
                    0x0800                  __DATA_BASE = 0x800
                    0x4000                  __DATA_LENGTH = 0x4000

.reset            0x000000          0x4
                  0x000000          0x2 SHORT 0x100 ABSOLUTE (__reset)
                  0x000001          0x2 SHORT 0x4
                  0x000002          0x2 SHORT 0x0 ((ABSOLUTE (__reset) >> 0x10) & 0x7f)
                  0x000003          0x2 SHORT 0x0

.text             0x000100       0x15da
 *(.init)
 .init            0x000100         0x4c c:/program files/microchip/xc16/v2.10/bin/bin/../../lib\libc99-pic30-elf.a(crt0_extended24.o)
                  0x000100                  __resetPRI
                  0x000100                  __reset
                  0x00013c                  __psv_init
 .init            0x00014c         0xb8 c:/program files/microchip/xc16/v2.10/bin/bin/../../lib\libc99-pic30-elf.a(data_init_24.o)
                  0x000152                  __data_init
                  0x000152                  __data_init_da
 *(.user_init)
 *(.handle)
 .handle          0x000204         0x68 jump_table
 *(.isr*)
 .isr.text        0x00026c        0x1de build/default/production/i2cDriver/I2C.o
                  0x00026c                  __MI2C1Interrupt
 .isr.text        0x00044a         0xa2 build/default/production/System/traps.o
                  0x00044a                  __OscillatorFail
                  0x00046a                  __StackError
                  0x00048c                  __AddressError
                  0x0004ac                  __MathError
                  0x0004cc                  __NVMError
 .isr.text        0x0004ec         0x30 build/default/production/Timers/Timers.o
                  0x0004ec                  __T1Interrupt
                  0x000504                  __T2Interrupt
 .isr             0x00051c          0x4 default_isr
                  0x00051c                  __DefaultInterrupt
 *(.libc)
 *(.libm)
 *(.libdsp)
 *(.lib*)
 .libpic30_crt_start_mode
                  0x000520          0x2 c:/program files/microchip/xc16/v2.10/bin/bin/../../lib\libc99-pic30-elf.a(crt_start_mode_normalda.Meo)
                  0x000520                  __crt_start_mode
                  0x000520                  __crt_start_mode_normal
 .libm.floatunsisf
                  0x000522          0x4 c:/program files/microchip/xc16/v2.10/bin/bin/../../lib\libc99-pic30-elf.a(floatunsisf.DA_o)
                  0x000522                  ___floatunsisf
 .libm.udivsi3    0x000526         0x20 c:/program files/microchip/xc16/v2.10/bin/bin/../../lib\libc99-pic30-elf.a(udivsi3.DA_o)
                  0x000526                  ___udivsi3
 .libm.umodsi3    0x000546          0x6 c:/program files/microchip/xc16/v2.10/bin/bin/../../lib\libc99-pic30-elf.a(umodsi3.DA_o)
                  0x000546                  ___umodsi3
 .libmx           0x00054c        0x1be c:/program files/microchip/xc16/v2.10/bin/bin/../../lib\libc99-pic30-elf.a(divsf3x.DA_o)
                  0x00054c                  ___divsf3x
                  0x00054c                  ___divsf3
                  0x0006de                  __sdivf
 .libmx           0x00070a         0x34 c:/program files/microchip/xc16/v2.10/bin/bin/../../lib\libc99-pic30-elf.a(typefx.DA_o)
                  0x00070a                  __typef
 .libmx           0x00073e         0xa6 c:/program files/microchip/xc16/v2.10/bin/bin/../../lib\libc99-pic30-elf.a(spackfx.DA_o)
                  0x00073e                  __spackf
 .libmx           0x0007e4         0x66 c:/program files/microchip/xc16/v2.10/bin/bin/../../lib\libc99-pic30-elf.a(unpackfx.DA_o)
                  0x0007e4                  __unpackf
 .libm.floatundisf
                  0x00084a         0x5e c:/program files/microchip/xc16/v2.10/bin/bin/../../lib\libc99-pic30-elf.a(floatundisf.DA_o)
                  0x00084a                  ___floatundisf
 .libm.fpack      0x0008a8         0x4c c:/program files/microchip/xc16/v2.10/bin/bin/../../lib\libc99-pic30-elf.a(fpack.DA_o)
                  0x0008a8                  __fpack
 .libc.__wrap_sprintf
                  0x0008f4          0xc c:/program files/microchip/xc16/v2.10/bin/bin/../../lib\libc99-elf.a(__sio_sprintf_doux.DA_o)
                  0x0008f4                  __sprintf_cdnopuxX
                  0x0008f4                  __dsprintf_cdnopuxX
 .libc.__sio_sprintf_doux
                  0x000900          0xe c:/program files/microchip/xc16/v2.10/bin/bin/../../lib\libc99-elf.a(__sio_sprintf_doux.DA_o)
                  0x000900                  ___sio_sprintf_doux
 .libc.memset     0x00090e         0xc8 c:/program files/microchip/xc16/v2.10/bin/bin/../../lib\libc99-elf.a(memset.DA_o)
                  0x00090e                  _memset
 .libc.strlen     0x0009d6         0x30 c:/program files/microchip/xc16/v2.10/bin/bin/../../lib\libc99-elf.a(strlen.DA_o)
                  0x0009d6                  _strlen
 .libc.strncpy    0x000a06          0xe c:/program files/microchip/xc16/v2.10/bin/bin/../../lib\libc99-elf.a(strncpy.DA_o)
                  0x000a06                  _strncpy
 .libc.__fmt_d    0x000a14         0xb2 c:/program files/microchip/xc16/v2.10/bin/bin/../../lib\libc99-elf.a(__fmt_d.DA_o)
                  0x000a14                  ___fmt_d
                  0x000a14                  ___fmt_d_needed
 .libc.__fmt_o    0x000ac6         0x6a c:/program files/microchip/xc16/v2.10/bin/bin/../../lib\libc99-elf.a(__fmt_o.DA_o)
                  0x000ac6                  ___fmt_o
                  0x000ac6                  ___fmt_o_needed
 .libc.__fmt_s    0x000b30         0x54 c:/program files/microchip/xc16/v2.10/bin/bin/../../lib\libc99-elf.a(__fmt_s.DA_o)
                  0x000b30                  ___fmt_0_needed
                  0x000b30                  ___fmt_s_needed
                  0x000b30                  ___fmt_s
 .libc.__cvt_u    0x000b84         0xa6 c:/program files/microchip/xc16/v2.10/bin/bin/../../lib\libc99-elf.a(__fmt_u.DA_o)
                  0x000b84                  ___cvt_u
 .libc.__fmt_u    0x000c2a         0x52 c:/program files/microchip/xc16/v2.10/bin/bin/../../lib\libc99-elf.a(__fmt_u.DA_o)
                  0x000c2a                  ___fmt_u
                  0x000c2a                  ___fmt_u_needed
 .libc.__fmt_x    0x000c7c        0x14a c:/program files/microchip/xc16/v2.10/bin/bin/../../lib\libc99-elf.a(__fmt_x.DA_o)
                  0x000c7c                  ___fmt_x_needed
                  0x000c7c                  ___fmt_x
 .libc.__vsprintf
                  0x000dc6          0x8 c:/program files/microchip/xc16/v2.10/bin/bin/../../lib\libc99-elf.a(__int_vsprintf.DA_o)
                  0x000dc6                  ___vsprintf
 .libc.__pop_int
                  0x000dce         0xa8 c:/program files/microchip/xc16/v2.10/bin/bin/../../lib\libc99-elf.a(__pop_int.DA_o)
                  0x000dce                  ___pop_int
                  0x000dce                  ___pop_int_needed
 .libc.__pop_ptr
                  0x000e76         0x70 c:/program files/microchip/xc16/v2.10/bin/bin/../../lib\libc99-elf.a(__pop_ptr.DA_o)
                  0x000e76                  ___pop_ptr_needed
                  0x000e76                  ___pop_ptr
 .libc.__string_out
                  0x000ee6         0x26 c:/program files/microchip/xc16/v2.10/bin/bin/../../lib\libc99-elf.a(__printf_core.DA_o)
                  0x000ee6                  ___out
 .libc.__pad      0x000f0c         0x74 c:/program files/microchip/xc16/v2.10/bin/bin/../../lib\libc99-elf.a(__printf_core.DA_o)
                  0x000f0c                  ___pad
 .libc.__dummy_fmt3
                  0x000f80          0x2 c:/program files/microchip/xc16/v2.10/bin/bin/../../lib\libc99-elf.a(__printf_core.DA_o)
 .libc.__dummy_fmt4
                  0x000f82          0x2 c:/program files/microchip/xc16/v2.10/bin/bin/../../lib\libc99-elf.a(__printf_core.DA_o)
                  0x000f82                  ___fmt_fp
                  0x000f82                  ___fmt_a
 .libc.__dummy_fmts
                  0x000f84          0x2 c:/program files/microchip/xc16/v2.10/bin/bin/../../lib\libc99-elf.a(__printf_core.DA_o)
 .libc.__fmt_state
                  0x000f86         0x2c c:/program files/microchip/xc16/v2.10/bin/bin/../../lib\libc99-elf.a(__printf_core.DA_o)
                  0x000f86                  ___fmt_state
 .libc.vfpfcnvrt.clone.0
                  0x000fb2        0x2d8 c:/program files/microchip/xc16/v2.10/bin/bin/../../lib\libc99-elf.a(__printf_core.DA_o)
 .libc.__printf_core
                  0x00128a         0x40 c:/program files/microchip/xc16/v2.10/bin/bin/../../lib\libc99-elf.a(__printf_core.DA_o)
                  0x00128a                  ___printf_core
 .libc.__isspace
                  0x0012ca         0x14 c:/program files/microchip/xc16/v2.10/bin/bin/../../lib\libc99-elf.a(atoi.DA_o)
 .libc.atoi       0x0012de         0x4c c:/program files/microchip/xc16/v2.10/bin/bin/../../lib\libc99-elf.a(atoi.DA_o)
                  0x0012de                  _atoi
 .libc.memcpy     0x00132a          0xe c:/program files/microchip/xc16/v2.10/bin/bin/../../lib\libc99-elf.a(memcpy.DA_o)
                  0x00132a                  _memcpy
 .libc.__stpncpy
                  0x001338         0x6a c:/program files/microchip/xc16/v2.10/bin/bin/../../lib\libc99-elf.a(stpncpy.DA_o)
                  0x001338                  _stpncpy
                  0x001338                  ___stpncpy
 .libc.tolower    0x0013a2          0xc c:/program files/microchip/xc16/v2.10/bin/bin/../../lib\libc99-elf.a(tolower.DA_o)
                  0x0013a2                  _tolower
 .libc.__tolower_l
                  0x0013ae          0x2 c:/program files/microchip/xc16/v2.10/bin/bin/../../lib\libc99-elf.a(tolower.DA_o)
                  0x0013ae                  ___tolower_l
                  0x0013ae                  _tolower_l
 .libc.toupper    0x0013b0          0xc c:/program files/microchip/xc16/v2.10/bin/bin/../../lib\libc99-elf.a(toupper.DA_o)
                  0x0013b0                  _toupper
 .libc.__toupper_l
                  0x0013bc          0x2 c:/program files/microchip/xc16/v2.10/bin/bin/../../lib\libc99-elf.a(toupper.DA_o)
                  0x0013bc                  ___toupper_l
                  0x0013bc                  _toupper_l
 .libc.__vsnprintf
                  0x0013be         0x4a c:/program files/microchip/xc16/v2.10/bin/bin/../../lib\libc99-elf.a(__int_vsnprintf.DA_o)
                  0x0013be                  ___vsnprintf
 .libc.__pop_float
                  0x001408         0x3e c:/program files/microchip/xc16/v2.10/bin/bin/../../lib\libc99-elf.a(__pop_float.DA_o)
                  0x001408                  ___pop_float
                  0x001408                  ___pop_float_needed
 .libc.__vfprintf
                  0x001446         0x1c c:/program files/microchip/xc16/v2.10/bin/bin/../../lib\libc99-elf.a(__int_vfprintf.DA_o)
                  0x001446                  ___vfprintf
 .libm.extendsfdf2
                  0x001462         0x3e c:/program files/microchip/xc16/v2.10/bin/bin/../../lib\libc99-pic30-elf.a(extendsfdf.DA_o)
                  0x001462                  ___extendsfdf2
 .libm.funpack    0x0014a0         0x2a c:/program files/microchip/xc16/v2.10/bin/bin/../../lib\libc99-pic30-elf.a(funpack.DA_o)
                  0x0014a0                  __funpack
 .libm.mulsi3     0x0014ca          0xc c:/program files/microchip/xc16/v2.10/bin/bin/../../lib\libc99-pic30-elf.a(mulsi3.DA_o)
                  0x0014ca                  ___mulp32peds3
                  0x0014ca                  ___mulsi3
                  0x0014ca                  ___mulp32eds3
 .libm.__PplusBdi
                  0x0014d6         0x26 c:/program files/microchip/xc16/v2.10/bin/bin/../../lib\libc99-pic30-elf.a(divmoddi3.DA_o)
 .libm.__PminusBdi
                  0x0014fc         0x26 c:/program files/microchip/xc16/v2.10/bin/bin/../../lib\libc99-pic30-elf.a(divmoddi3.DA_o)
 .libm.__udivmoddi3
                  0x001522         0xe6 c:/program files/microchip/xc16/v2.10/bin/bin/../../lib\libc99-pic30-elf.a(divmoddi3.DA_o)
                  0x001522                  ___udivmoddi3
 .libm.__udivdi3
                  0x001608          0xe c:/program files/microchip/xc16/v2.10/bin/bin/../../lib\libc99-pic30-elf.a(divmoddi3.DA_o)
                  0x001608                  ___udivdi3
 .libm.__umoddi3
                  0x001616          0x8 c:/program files/microchip/xc16/v2.10/bin/bin/../../lib\libc99-pic30-elf.a(divmoddi3.DA_o)
                  0x001616                  ___umoddi3
 .libm.__divdi3
                  0x00161e         0x60 c:/program files/microchip/xc16/v2.10/bin/bin/../../lib\libc99-pic30-elf.a(divmoddi3.DA_o)
                  0x00161e                  ___divdi3
 .libm.__moddi3
                  0x00167e         0x5c c:/program files/microchip/xc16/v2.10/bin/bin/../../lib\libc99-pic30-elf.a(divmoddi3.DA_o)
                  0x00167e                  ___moddi3

usercode
 *(usercode)

__FSEC            0x02af00          0x2
 *(__FSEC.sec*)
 __FSEC.sec       0x02af00          0x2 /CW/_FSEC
                  0x02af00                  __FSEC.sec

__FBSLIM
 *(__FBSLIM.sec*)

__FSIGN
 *(__FSIGN.sec*)

__FOSCSEL
 *(__FOSCSEL.sec*)

__FOSC
 *(__FOSC.sec*)

__FWDT
 *(__FWDT.sec*)

__FPOR
 *(__FPOR.sec*)

__FICD
 *(__FICD.sec*)

__FDEVOPT1
 *(__FDEVOPT1.sec*)

.comment
 *(.comment)

.debug_info       0x000000      0x162fe
 *(.debug_info)
 .debug_info      0x000000        0x357 build/default/production/accel3Driver/ACCEL3.o
 .debug_info      0x000357        0xb5d build/default/production/adcDriver/ADC.o
 .debug_info      0x000eb4       0x10dc build/default/production/i2cDriver/I2C.o
 .debug_info      0x001f90       0x15c5 build/default/production/ledDriver/LED_tests.o
 .debug_info      0x003555       0x1127 build/default/production/oledDriver/oledC.o
 .debug_info      0x00467c        0x902 build/default/production/oledDriver/oledC_shapeHandler.o
 .debug_info      0x004f7e        0xf36 build/default/production/oledDriver/oledC_shapes.o
 .debug_info      0x005eb4        0xa1d build/default/production/spiDriver/spi1_driver.o
 .debug_info      0x0068d1        0x398 build/default/production/switchDriver/Switch.o
 .debug_info      0x006c69        0x364 build/default/production/System/clock.o
 .debug_info      0x006fcd        0x1c8 build/default/production/System/delay.o
 .debug_info      0x007195        0x5f2 build/default/production/System/interrupt_manager.o
 .debug_info      0x007787        0x5e3 build/default/production/System/pin_manager.o
 .debug_info      0x007d6a        0x326 build/default/production/System/system.o
 .debug_info      0x008090        0x431 build/default/production/System/traps.o
 .debug_info      0x0084c1         0x91 build/default/production/System/where_was_i.o
 .debug_info      0x008552        0xd7d build/default/production/Timers/Timers.o
 .debug_info      0x0092cf        0xfbc build/default/production/WatchApp/pomodoroTimer/pomodoro.o
 .debug_info      0x00a28b        0x76d build/default/production/WatchApp/shared/watch_state.o
 .debug_info      0x00a9f8        0x8ba build/default/production/WatchApp/watchCore/alarm.o
 .debug_info      0x00b2b2        0xa6c build/default/production/WatchApp/watchCore/timekeeper.o
 .debug_info      0x00bd1e        0xb71 build/default/production/WatchApp/watchFaces/analog_face.o
 .debug_info      0x00c88f        0xc7a build/default/production/WatchApp/watchFaces/binary_face.o
 .debug_info      0x00d509        0xb98 build/default/production/WatchApp/watchFaces/digital_face.o
 .debug_info      0x00e0a1        0x7b9 build/default/production/WatchApp/watchFaces/alarm_face.o
 .debug_info      0x00e85a        0x33f build/default/production/WatchApp/watchFaces/watch_face_common.o
 .debug_info      0x00eb99        0x1c4 build/default/production/WatchApp/watchFaces/watch_face_geometry.o
 .debug_info      0x00ed5d        0x393 build/default/production/WatchApp/watchInput/accel_input.o
 .debug_info      0x00f0f0        0x3b1 build/default/production/WatchApp/watchInput/buttons.o
 .debug_info      0x00f4a1        0x4d1 build/default/production/WatchApp/watchInput/potentiometer.o
 .debug_info      0x00f972        0x7b7 build/default/production/WatchApp/watchManagers/app_display_manager.o
 .debug_info      0x010129        0xa14 build/default/production/WatchApp/watchManagers/app_input_handler.o
 .debug_info      0x010b3d        0x7a2 build/default/production/WatchApp/watchManagers/app_time_manager.o
 .debug_info      0x0112df        0x146 build/default/production/WatchApp/watchMenu/menu.o
 .debug_info      0x011425        0x2d2 build/default/production/WatchApp/app_init.o
 .debug_info      0x0116f7        0x277 build/default/production/WatchApp/watch_main.o
 .debug_info      0x01196e         0xaf build/default/production/main.o
 .debug_info      0x011a1d        0x567 build/default/production/WatchApp/watchMenu/menu_core.o
 .debug_info      0x011f84       0x15ab build/default/production/WatchApp/watchMenu/menu_state.o
 .debug_info      0x01352f       0x15ee build/default/production/WatchApp/watchMenu/menu_render.o
 .debug_info      0x014b1d        0xfb8 build/default/production/WatchApp/watchMenu/menu_input.o
 .debug_info      0x015ad5        0x145 build/default/production/WatchApp/watchDebug/debug_menu.o
 .debug_info      0x015c1a         0x91 c:/program files/microchip/xc16/v2.10/bin/bin/../../lib\libc99-pic30-elf.a(floatunsisf.DA_o)
 .debug_info      0x015cab         0x8d c:/program files/microchip/xc16/v2.10/bin/bin/../../lib\libc99-pic30-elf.a(udivsi3.DA_o)
 .debug_info      0x015d38         0x8d c:/program files/microchip/xc16/v2.10/bin/bin/../../lib\libc99-pic30-elf.a(umodsi3.DA_o)
 .debug_info      0x015dc5         0x9d c:/program files/microchip/xc16/v2.10/bin/bin/../../lib\libc99-pic30-elf.a(divsf3x.DA_o)
 .debug_info      0x015e62         0x9c c:/program files/microchip/xc16/v2.10/bin/bin/../../lib\libc99-pic30-elf.a(typefx.DA_o)
 .debug_info      0x015efe         0x9d c:/program files/microchip/xc16/v2.10/bin/bin/../../lib\libc99-pic30-elf.a(spackfx.DA_o)
 .debug_info      0x015f9b         0x9e c:/program files/microchip/xc16/v2.10/bin/bin/../../lib\libc99-pic30-elf.a(unpackfx.DA_o)
 .debug_info      0x016039         0x91 c:/program files/microchip/xc16/v2.10/bin/bin/../../lib\libc99-pic30-elf.a(floatundisf.DA_o)
 .debug_info      0x0160ca         0x8b c:/program files/microchip/xc16/v2.10/bin/bin/../../lib\libc99-pic30-elf.a(fpack.DA_o)
 .debug_info      0x016155         0x90 c:/program files/microchip/xc16/v2.10/bin/bin/../../lib\libc99-pic30-elf.a(extendsfdf.DA_o)
 .debug_info      0x0161e5         0x8d c:/program files/microchip/xc16/v2.10/bin/bin/../../lib\libc99-pic30-elf.a(funpack.DA_o)
 .debug_info      0x016272         0x8c c:/program files/microchip/xc16/v2.10/bin/bin/../../lib\libc99-pic30-elf.a(mulsi3.DA_o)
 *(.gnu.linkonce.wi.*)

.debug_abbrev     0x000000       0x291a
 *(.debug_abbrev)
 .debug_abbrev    0x000000         0xb7 build/default/production/accel3Driver/ACCEL3.o
 .debug_abbrev    0x0000b7        0x19f build/default/production/adcDriver/ADC.o
 .debug_abbrev    0x000256        0x238 build/default/production/i2cDriver/I2C.o
 .debug_abbrev    0x00048e        0x1ce build/default/production/ledDriver/LED_tests.o
 .debug_abbrev    0x00065c        0x1aa build/default/production/oledDriver/oledC.o
 .debug_abbrev    0x000806        0x166 build/default/production/oledDriver/oledC_shapeHandler.o
 .debug_abbrev    0x00096c        0x1bc build/default/production/oledDriver/oledC_shapes.o
 .debug_abbrev    0x000b28        0x1cf build/default/production/spiDriver/spi1_driver.o
 .debug_abbrev    0x000cf7         0xff build/default/production/switchDriver/Switch.o
 .debug_abbrev    0x000df6         0x6a build/default/production/System/clock.o
 .debug_abbrev    0x000e60         0x67 build/default/production/System/delay.o
 .debug_abbrev    0x000ec7         0xc7 build/default/production/System/interrupt_manager.o
 .debug_abbrev    0x000f8e         0x9b build/default/production/System/pin_manager.o
 .debug_abbrev    0x001029         0xb4 build/default/production/System/system.o
 .debug_abbrev    0x0010dd        0x100 build/default/production/System/traps.o
 .debug_abbrev    0x0011dd         0x14 build/default/production/System/where_was_i.o
 .debug_abbrev    0x0011f1        0x168 build/default/production/Timers/Timers.o
 .debug_abbrev    0x001359        0x18e build/default/production/WatchApp/pomodoroTimer/pomodoro.o
 .debug_abbrev    0x0014e7         0xa2 build/default/production/WatchApp/shared/watch_state.o
 .debug_abbrev    0x001589         0xfd build/default/production/WatchApp/watchCore/alarm.o
 .debug_abbrev    0x001686        0x103 build/default/production/WatchApp/watchCore/timekeeper.o
 .debug_abbrev    0x001789        0x12e build/default/production/WatchApp/watchFaces/analog_face.o
 .debug_abbrev    0x0018b7        0x10a build/default/production/WatchApp/watchFaces/binary_face.o
 .debug_abbrev    0x0019c1        0x105 build/default/production/WatchApp/watchFaces/digital_face.o
 .debug_abbrev    0x001ac6         0xa2 build/default/production/WatchApp/watchFaces/alarm_face.o
 .debug_abbrev    0x001b68         0xa6 build/default/production/WatchApp/watchFaces/watch_face_common.o
 .debug_abbrev    0x001c0e         0x56 build/default/production/WatchApp/watchFaces/watch_face_geometry.o
 .debug_abbrev    0x001c64         0xae build/default/production/WatchApp/watchInput/accel_input.o
 .debug_abbrev    0x001d12         0xeb build/default/production/WatchApp/watchInput/buttons.o
 .debug_abbrev    0x001dfd         0xb5 build/default/production/WatchApp/watchInput/potentiometer.o
 .debug_abbrev    0x001eb2         0xbe build/default/production/WatchApp/watchManagers/app_display_manager.o
 .debug_abbrev    0x001f70         0xf6 build/default/production/WatchApp/watchManagers/app_input_handler.o
 .debug_abbrev    0x002066         0x9c build/default/production/WatchApp/watchManagers/app_time_manager.o
 .debug_abbrev    0x002102         0x1f build/default/production/WatchApp/watchMenu/menu.o
 .debug_abbrev    0x002121         0x86 build/default/production/WatchApp/app_init.o
 .debug_abbrev    0x0021a7         0x71 build/default/production/WatchApp/watch_main.o
 .debug_abbrev    0x002218         0x36 build/default/production/main.o
 .debug_abbrev    0x00224e        0x114 build/default/production/WatchApp/watchMenu/menu_core.o
 .debug_abbrev    0x002362        0x1a8 build/default/production/WatchApp/watchMenu/menu_state.o
 .debug_abbrev    0x00250a        0x19d build/default/production/WatchApp/watchMenu/menu_render.o
 .debug_abbrev    0x0026a7        0x164 build/default/production/WatchApp/watchMenu/menu_input.o
 .debug_abbrev    0x00280b         0x1f build/default/production/WatchApp/watchDebug/debug_menu.o
 .debug_abbrev    0x00282a         0x14 c:/program files/microchip/xc16/v2.10/bin/bin/../../lib\libc99-pic30-elf.a(floatunsisf.DA_o)
 .debug_abbrev    0x00283e         0x14 c:/program files/microchip/xc16/v2.10/bin/bin/../../lib\libc99-pic30-elf.a(udivsi3.DA_o)
 .debug_abbrev    0x002852         0x14 c:/program files/microchip/xc16/v2.10/bin/bin/../../lib\libc99-pic30-elf.a(umodsi3.DA_o)
 .debug_abbrev    0x002866         0x14 c:/program files/microchip/xc16/v2.10/bin/bin/../../lib\libc99-pic30-elf.a(divsf3x.DA_o)
 .debug_abbrev    0x00287a         0x14 c:/program files/microchip/xc16/v2.10/bin/bin/../../lib\libc99-pic30-elf.a(typefx.DA_o)
 .debug_abbrev    0x00288e         0x14 c:/program files/microchip/xc16/v2.10/bin/bin/../../lib\libc99-pic30-elf.a(spackfx.DA_o)
 .debug_abbrev    0x0028a2         0x14 c:/program files/microchip/xc16/v2.10/bin/bin/../../lib\libc99-pic30-elf.a(unpackfx.DA_o)
 .debug_abbrev    0x0028b6         0x14 c:/program files/microchip/xc16/v2.10/bin/bin/../../lib\libc99-pic30-elf.a(floatundisf.DA_o)
 .debug_abbrev    0x0028ca         0x14 c:/program files/microchip/xc16/v2.10/bin/bin/../../lib\libc99-pic30-elf.a(fpack.DA_o)
 .debug_abbrev    0x0028de         0x14 c:/program files/microchip/xc16/v2.10/bin/bin/../../lib\libc99-pic30-elf.a(extendsfdf.DA_o)
 .debug_abbrev    0x0028f2         0x14 c:/program files/microchip/xc16/v2.10/bin/bin/../../lib\libc99-pic30-elf.a(funpack.DA_o)
 .debug_abbrev    0x002906         0x14 c:/program files/microchip/xc16/v2.10/bin/bin/../../lib\libc99-pic30-elf.a(mulsi3.DA_o)

.debug_line       0x000000       0x3728
 *(.debug_line)
 .debug_line      0x000000         0xd5 build/default/production/accel3Driver/ACCEL3.o
 .debug_line      0x0000d5        0x17b build/default/production/adcDriver/ADC.o
 .debug_line      0x000250        0x1f6 build/default/production/i2cDriver/I2C.o
 .debug_line      0x000446        0x24e build/default/production/ledDriver/LED_tests.o
 .debug_line      0x000694        0x1a9 build/default/production/oledDriver/oledC.o
 .debug_line      0x00083d         0xea build/default/production/oledDriver/oledC_shapeHandler.o
 .debug_line      0x000927        0x20c build/default/production/oledDriver/oledC_shapes.o
 .debug_line      0x000b33        0x14b build/default/production/spiDriver/spi1_driver.o
 .debug_line      0x000c7e        0x14d build/default/production/switchDriver/Switch.o
 .debug_line      0x000dcb        0x11e build/default/production/System/clock.o
 .debug_line      0x000ee9         0x99 build/default/production/System/delay.o
 .debug_line      0x000f82        0x13a build/default/production/System/interrupt_manager.o
 .debug_line      0x0010bc        0x128 build/default/production/System/pin_manager.o
 .debug_line      0x0011e4        0x111 build/default/production/System/system.o
 .debug_line      0x0012f5        0x144 build/default/production/System/traps.o
 .debug_line      0x001439         0x48 build/default/production/System/where_was_i.o
 .debug_line      0x001481        0x13c build/default/production/Timers/Timers.o
 .debug_line      0x0015bd        0x1e8 build/default/production/WatchApp/pomodoroTimer/pomodoro.o
 .debug_line      0x0017a5         0xd4 build/default/production/WatchApp/shared/watch_state.o
 .debug_line      0x001879        0x115 build/default/production/WatchApp/watchCore/alarm.o
 .debug_line      0x00198e        0x120 build/default/production/WatchApp/watchCore/timekeeper.o
 .debug_line      0x001aae        0x160 build/default/production/WatchApp/watchFaces/analog_face.o
 .debug_line      0x001c0e        0x15b build/default/production/WatchApp/watchFaces/binary_face.o
 .debug_line      0x001d69        0x146 build/default/production/WatchApp/watchFaces/digital_face.o
 .debug_line      0x001eaf         0xec build/default/production/WatchApp/watchFaces/alarm_face.o
 .debug_line      0x001f9b         0xec build/default/production/WatchApp/watchFaces/watch_face_common.o
 .debug_line      0x002087         0x96 build/default/production/WatchApp/watchFaces/watch_face_geometry.o
 .debug_line      0x00211d         0xff build/default/production/WatchApp/watchInput/accel_input.o
 .debug_line      0x00221c        0x18e build/default/production/WatchApp/watchInput/buttons.o
 .debug_line      0x0023aa         0xff build/default/production/WatchApp/watchInput/potentiometer.o
 .debug_line      0x0024a9        0x14c build/default/production/WatchApp/watchManagers/app_display_manager.o
 .debug_line      0x0025f5        0x1c1 build/default/production/WatchApp/watchManagers/app_input_handler.o
 .debug_line      0x0027b6         0xf2 build/default/production/WatchApp/watchManagers/app_time_manager.o
 .debug_line      0x0028a8         0x1a build/default/production/WatchApp/watchMenu/menu.o
 .debug_line      0x0028c2        0x155 build/default/production/WatchApp/app_init.o
 .debug_line      0x002a17         0xbb build/default/production/WatchApp/watch_main.o
 .debug_line      0x002ad2         0x33 build/default/production/main.o
 .debug_line      0x002b05        0x115 build/default/production/WatchApp/watchMenu/menu_core.o
 .debug_line      0x002c1a        0x16a build/default/production/WatchApp/watchMenu/menu_state.o
 .debug_line      0x002d84        0x2a9 build/default/production/WatchApp/watchMenu/menu_render.o
 .debug_line      0x00302d        0x1d9 build/default/production/WatchApp/watchMenu/menu_input.o
 .debug_line      0x003206         0x1a build/default/production/WatchApp/watchDebug/debug_menu.o
 .debug_line      0x003220         0x3b c:/program files/microchip/xc16/v2.10/bin/bin/../../lib\libc99-pic30-elf.a(floatunsisf.DA_o)
 .debug_line      0x00325b         0x45 c:/program files/microchip/xc16/v2.10/bin/bin/../../lib\libc99-pic30-elf.a(udivsi3.DA_o)
 .debug_line      0x0032a0         0x38 c:/program files/microchip/xc16/v2.10/bin/bin/../../lib\libc99-pic30-elf.a(umodsi3.DA_o)
 .debug_line      0x0032d8        0x124 c:/program files/microchip/xc16/v2.10/bin/bin/../../lib\libc99-pic30-elf.a(divsf3x.DA_o)
 .debug_line      0x0033fc         0x5e c:/program files/microchip/xc16/v2.10/bin/bin/../../lib\libc99-pic30-elf.a(typefx.DA_o)
 .debug_line      0x00345a         0x98 c:/program files/microchip/xc16/v2.10/bin/bin/../../lib\libc99-pic30-elf.a(spackfx.DA_o)
 .debug_line      0x0034f2         0x79 c:/program files/microchip/xc16/v2.10/bin/bin/../../lib\libc99-pic30-elf.a(unpackfx.DA_o)
 .debug_line      0x00356b         0x1a c:/program files/microchip/xc16/v2.10/bin/bin/../../lib\libc99-pic30-elf.a(errno.DA_o)
 .debug_line      0x003585         0x6c c:/program files/microchip/xc16/v2.10/bin/bin/../../lib\libc99-pic30-elf.a(floatundisf.DA_o)
 .debug_line      0x0035f1         0x5a c:/program files/microchip/xc16/v2.10/bin/bin/../../lib\libc99-pic30-elf.a(fpack.DA_o)
 .debug_line      0x00364b         0x59 c:/program files/microchip/xc16/v2.10/bin/bin/../../lib\libc99-pic30-elf.a(extendsfdf.DA_o)
 .debug_line      0x0036a4         0x4a c:/program files/microchip/xc16/v2.10/bin/bin/../../lib\libc99-pic30-elf.a(funpack.DA_o)
 .debug_line      0x0036ee         0x3a c:/program files/microchip/xc16/v2.10/bin/bin/../../lib\libc99-pic30-elf.a(mulsi3.DA_o)

.debug_frame      0x000000       0x1ff8
 *(.debug_frame)
 .debug_frame     0x000000         0x48 build/default/production/accel3Driver/ACCEL3.o
 .debug_frame     0x000048         0xfe build/default/production/adcDriver/ADC.o
 .debug_frame     0x000146        0x156 build/default/production/i2cDriver/I2C.o
 .debug_frame     0x00029c        0x19a build/default/production/ledDriver/LED_tests.o
 .debug_frame     0x000436        0x202 build/default/production/oledDriver/oledC.o
 .debug_frame     0x000638        0x14c build/default/production/oledDriver/oledC_shapeHandler.o
 .debug_frame     0x000784        0x224 build/default/production/oledDriver/oledC_shapes.o
 .debug_frame     0x0009a8        0x118 build/default/production/spiDriver/spi1_driver.o
 .debug_frame     0x000ac0         0xe4 build/default/production/switchDriver/Switch.o
 .debug_frame     0x000ba4         0x2e build/default/production/System/clock.o
 .debug_frame     0x000bd2         0x48 build/default/production/System/delay.o
 .debug_frame     0x000c1a         0x48 build/default/production/System/interrupt_manager.o
 .debug_frame     0x000c62         0x2e build/default/production/System/pin_manager.o
 .debug_frame     0x000c90         0x2e build/default/production/System/system.o
 .debug_frame     0x000cbe        0x17e build/default/production/System/traps.o
 .debug_frame     0x000e3c         0xaa build/default/production/Timers/Timers.o
 .debug_frame     0x000ee6        0x246 build/default/production/WatchApp/pomodoroTimer/pomodoro.o
 .debug_frame     0x00112c         0x48 build/default/production/WatchApp/shared/watch_state.o
 .debug_frame     0x001174         0xfe build/default/production/WatchApp/watchCore/alarm.o
 .debug_frame     0x001272         0xe4 build/default/production/WatchApp/watchCore/timekeeper.o
 .debug_frame     0x001356        0x118 build/default/production/WatchApp/watchFaces/analog_face.o
 .debug_frame     0x00146e         0xb0 build/default/production/WatchApp/watchFaces/binary_face.o
 .debug_frame     0x00151e         0xe6 build/default/production/WatchApp/watchFaces/digital_face.o
 .debug_frame     0x001604         0x62 build/default/production/WatchApp/watchFaces/alarm_face.o
 .debug_frame     0x001666         0x64 build/default/production/WatchApp/watchFaces/watch_face_common.o
 .debug_frame     0x0016ca         0x7c build/default/production/WatchApp/watchInput/accel_input.o
 .debug_frame     0x001746         0x62 build/default/production/WatchApp/watchInput/buttons.o
 .debug_frame     0x0017a8         0x84 build/default/production/WatchApp/watchInput/potentiometer.o
 .debug_frame     0x00182c         0x62 build/default/production/WatchApp/watchManagers/app_display_manager.o
 .debug_frame     0x00188e         0x96 build/default/production/WatchApp/watchManagers/app_input_handler.o
 .debug_frame     0x001924         0x2e build/default/production/WatchApp/watchManagers/app_time_manager.o
 .debug_frame     0x001952         0x2e build/default/production/WatchApp/app_init.o
 .debug_frame     0x001980         0x2e build/default/production/WatchApp/watch_main.o
 .debug_frame     0x0019ae         0x2e build/default/production/main.o
 .debug_frame     0x0019dc         0xb0 build/default/production/WatchApp/watchMenu/menu_core.o
 .debug_frame     0x001a8c        0x1b4 build/default/production/WatchApp/watchMenu/menu_state.o
 .debug_frame     0x001c40        0x27e build/default/production/WatchApp/watchMenu/menu_render.o
 .debug_frame     0x001ebe        0x13a build/default/production/WatchApp/watchMenu/menu_input.o

.debug_str        0x000000        0xa2f
 *(.debug_str)
 .debug_str       0x000000         0x34 build/default/production/adcDriver/ADC.o
 .debug_str       0x000034         0x67 build/default/production/i2cDriver/I2C.o
 .debug_str       0x00009b        0x163 build/default/production/ledDriver/LED_tests.o
 .debug_str       0x0001fe         0x46 build/default/production/oledDriver/oledC.o
 .debug_str       0x000244         0x46 build/default/production/oledDriver/oledC_shapeHandler.o
 .debug_str       0x00028a         0x39 build/default/production/oledDriver/oledC_shapes.o
 .debug_str       0x0002c3         0x6b build/default/production/spiDriver/spi1_driver.o
 .debug_str       0x00032e         0x17 build/default/production/switchDriver/Switch.o
 .debug_str       0x000345         0x12 build/default/production/System/clock.o
 .debug_str       0x000357         0x15 build/default/production/System/interrupt_manager.o
 .debug_str       0x00036c         0x1f build/default/production/System/pin_manager.o
 .debug_str       0x00038b          0xc build/default/production/System/system.o
 .debug_str       0x000397         0x18 build/default/production/System/traps.o
 .debug_str       0x0003af         0x53 build/default/production/Timers/Timers.o
 .debug_str       0x000402         0x79 build/default/production/WatchApp/pomodoroTimer/pomodoro.o
 .debug_str       0x00047b          0xd build/default/production/WatchApp/watchCore/alarm.o
 .debug_str       0x000488         0x28 build/default/production/WatchApp/watchFaces/analog_face.o
 .debug_str       0x0004b0          0xc build/default/production/WatchApp/watchFaces/digital_face.o
 .debug_str       0x0004bc          0x6 build/default/production/WatchApp/watchManagers/app_display_manager.o
 .debug_str       0x0004c2          0xc build/default/production/WatchApp/watchManagers/app_input_handler.o
 .debug_str       0x0004ce         0x1d build/default/production/WatchApp/watchMenu/menu_core.o
 .debug_str       0x0004eb        0x26c build/default/production/WatchApp/watchMenu/menu_state.o
 .debug_str       0x000757        0x134 build/default/production/WatchApp/watchMenu/menu_render.o
 .debug_str       0x00088b        0x1a4 build/default/production/WatchApp/watchMenu/menu_input.o

.debug_loc
 *(.debug_loc)

.debug_macinfo
 *(.debug_macinfo)

.debug_pubnames
                  0x000000       0x1484
 *(.debug_pubnames)
 .debug_pubnames
                  0x000000         0x35 build/default/production/accel3Driver/ACCEL3.o
 .debug_pubnames
                  0x000035         0x8c build/default/production/adcDriver/ADC.o
 .debug_pubnames
                  0x0000c1         0x65 build/default/production/i2cDriver/I2C.o
 .debug_pubnames
                  0x000126        0x13f build/default/production/ledDriver/LED_tests.o
 .debug_pubnames
                  0x000265        0x152 build/default/production/oledDriver/oledC.o
 .debug_pubnames
                  0x0003b7         0xef build/default/production/oledDriver/oledC_shapeHandler.o
 .debug_pubnames
                  0x0004a6         0xfe build/default/production/oledDriver/oledC_shapes.o
 .debug_pubnames
                  0x0005a4         0xe2 build/default/production/spiDriver/spi1_driver.o
 .debug_pubnames
                  0x000686         0x82 build/default/production/switchDriver/Switch.o
 .debug_pubnames
                  0x000708         0x27 build/default/production/System/clock.o
 .debug_pubnames
                  0x00072f         0x40 build/default/production/System/delay.o
 .debug_pubnames
                  0x00076f         0x2b build/default/production/System/interrupt_manager.o
 .debug_pubnames
                  0x00079a         0x2d build/default/production/System/pin_manager.o
 .debug_pubnames
                  0x0007c7         0x28 build/default/production/System/system.o
 .debug_pubnames
                  0x0007ef         0x7d build/default/production/System/traps.o
 .debug_pubnames
                  0x00086c         0x81 build/default/production/Timers/Timers.o
 .debug_pubnames
                  0x0008ed         0xb4 build/default/production/WatchApp/pomodoroTimer/pomodoro.o
 .debug_pubnames
                  0x0009a1         0x39 build/default/production/WatchApp/shared/watch_state.o
 .debug_pubnames
                  0x0009da         0xae build/default/production/WatchApp/watchCore/alarm.o
 .debug_pubnames
                  0x000a88         0xd6 build/default/production/WatchApp/watchCore/timekeeper.o
 .debug_pubnames
                  0x000b5e         0x54 build/default/production/WatchApp/watchFaces/analog_face.o
 .debug_pubnames
                  0x000bb2         0x54 build/default/production/WatchApp/watchFaces/binary_face.o
 .debug_pubnames
                  0x000c06         0x57 build/default/production/WatchApp/watchFaces/digital_face.o
 .debug_pubnames
                  0x000c5d         0x51 build/default/production/WatchApp/watchFaces/alarm_face.o
 .debug_pubnames
                  0x000cae         0x45 build/default/production/WatchApp/watchFaces/watch_face_common.o
 .debug_pubnames
                  0x000cf3         0x40 build/default/production/WatchApp/watchFaces/watch_face_geometry.o
 .debug_pubnames
                  0x000d33         0x3b build/default/production/WatchApp/watchInput/accel_input.o
 .debug_pubnames
                  0x000d6e         0x4b build/default/production/WatchApp/watchInput/buttons.o
 .debug_pubnames
                  0x000db9         0x59 build/default/production/WatchApp/watchInput/potentiometer.o
 .debug_pubnames
                  0x000e12         0x28 build/default/production/WatchApp/watchManagers/app_display_manager.o
 .debug_pubnames
                  0x000e3a         0x2c build/default/production/WatchApp/watchManagers/app_input_handler.o
 .debug_pubnames
                  0x000e66         0x2e build/default/production/WatchApp/watchManagers/app_time_manager.o
 .debug_pubnames
                  0x000e94         0x2d build/default/production/WatchApp/app_init.o
 .debug_pubnames
                  0x000ec1         0x21 build/default/production/WatchApp/watch_main.o
 .debug_pubnames
                  0x000ee2         0x1b build/default/production/main.o
 .debug_pubnames
                  0x000efd         0x95 build/default/production/WatchApp/watchMenu/menu_core.o
 .debug_pubnames
                  0x000f92        0x467 build/default/production/WatchApp/watchMenu/menu_state.o
 .debug_pubnames
                  0x0013f9         0x39 build/default/production/WatchApp/watchMenu/menu_render.o
 .debug_pubnames
                  0x001432         0x52 build/default/production/WatchApp/watchMenu/menu_input.o

.debug_ranges
 *(.debug_ranges)

.debug_aranges    0x000000        0x530
 *(.debug_aranges)
 .debug_aranges
                  0x000000         0x18 build/default/production/accel3Driver/ACCEL3.o
 .debug_aranges
                  0x000018         0x18 build/default/production/adcDriver/ADC.o
 .debug_aranges
                  0x000030         0x18 build/default/production/i2cDriver/I2C.o
 .debug_aranges
                  0x000048         0x18 build/default/production/ledDriver/LED_tests.o
 .debug_aranges
                  0x000060         0x18 build/default/production/oledDriver/oledC.o
 .debug_aranges
                  0x000078         0x18 build/default/production/oledDriver/oledC_shapeHandler.o
 .debug_aranges
                  0x000090         0x18 build/default/production/oledDriver/oledC_shapes.o
 .debug_aranges
                  0x0000a8         0x18 build/default/production/spiDriver/spi1_driver.o
 .debug_aranges
                  0x0000c0         0x18 build/default/production/switchDriver/Switch.o
 .debug_aranges
                  0x0000d8         0x18 build/default/production/System/clock.o
 .debug_aranges
                  0x0000f0         0x18 build/default/production/System/delay.o
 .debug_aranges
                  0x000108         0x18 build/default/production/System/interrupt_manager.o
 .debug_aranges
                  0x000120         0x18 build/default/production/System/pin_manager.o
 .debug_aranges
                  0x000138         0x18 build/default/production/System/system.o
 .debug_aranges
                  0x000150         0x18 build/default/production/System/traps.o
 .debug_aranges
                  0x000168         0x20 build/default/production/System/where_was_i.o
 .debug_aranges
                  0x000188         0x18 build/default/production/Timers/Timers.o
 .debug_aranges
                  0x0001a0         0x18 build/default/production/WatchApp/pomodoroTimer/pomodoro.o
 .debug_aranges
                  0x0001b8         0x18 build/default/production/WatchApp/shared/watch_state.o
 .debug_aranges
                  0x0001d0         0x18 build/default/production/WatchApp/watchCore/alarm.o
 .debug_aranges
                  0x0001e8         0x18 build/default/production/WatchApp/watchCore/timekeeper.o
 .debug_aranges
                  0x000200         0x18 build/default/production/WatchApp/watchFaces/analog_face.o
 .debug_aranges
                  0x000218         0x18 build/default/production/WatchApp/watchFaces/binary_face.o
 .debug_aranges
                  0x000230         0x18 build/default/production/WatchApp/watchFaces/digital_face.o
 .debug_aranges
                  0x000248         0x18 build/default/production/WatchApp/watchFaces/alarm_face.o
 .debug_aranges
                  0x000260         0x18 build/default/production/WatchApp/watchFaces/watch_face_common.o
 .debug_aranges
                  0x000278         0x18 build/default/production/WatchApp/watchInput/accel_input.o
 .debug_aranges
                  0x000290         0x18 build/default/production/WatchApp/watchInput/buttons.o
 .debug_aranges
                  0x0002a8         0x18 build/default/production/WatchApp/watchInput/potentiometer.o
 .debug_aranges
                  0x0002c0         0x18 build/default/production/WatchApp/watchManagers/app_display_manager.o
 .debug_aranges
                  0x0002d8         0x18 build/default/production/WatchApp/watchManagers/app_input_handler.o
 .debug_aranges
                  0x0002f0         0x18 build/default/production/WatchApp/watchManagers/app_time_manager.o
 .debug_aranges
                  0x000308         0x18 build/default/production/WatchApp/app_init.o
 .debug_aranges
                  0x000320         0x18 build/default/production/WatchApp/watch_main.o
 .debug_aranges
                  0x000338         0x18 build/default/production/main.o
 .debug_aranges
                  0x000350         0x18 build/default/production/WatchApp/watchMenu/menu_core.o
 .debug_aranges
                  0x000368         0x18 build/default/production/WatchApp/watchMenu/menu_state.o
 .debug_aranges
                  0x000380         0x18 build/default/production/WatchApp/watchMenu/menu_render.o
 .debug_aranges
                  0x000398         0x18 build/default/production/WatchApp/watchMenu/menu_input.o
 .debug_aranges
                  0x0003b0         0x20 c:/program files/microchip/xc16/v2.10/bin/bin/../../lib\libc99-pic30-elf.a(floatunsisf.DA_o)
 .debug_aranges
                  0x0003d0         0x20 c:/program files/microchip/xc16/v2.10/bin/bin/../../lib\libc99-pic30-elf.a(udivsi3.DA_o)
 .debug_aranges
                  0x0003f0         0x20 c:/program files/microchip/xc16/v2.10/bin/bin/../../lib\libc99-pic30-elf.a(umodsi3.DA_o)
 .debug_aranges
                  0x000410         0x20 c:/program files/microchip/xc16/v2.10/bin/bin/../../lib\libc99-pic30-elf.a(divsf3x.DA_o)
 .debug_aranges
                  0x000430         0x20 c:/program files/microchip/xc16/v2.10/bin/bin/../../lib\libc99-pic30-elf.a(typefx.DA_o)
 .debug_aranges
                  0x000450         0x20 c:/program files/microchip/xc16/v2.10/bin/bin/../../lib\libc99-pic30-elf.a(spackfx.DA_o)
 .debug_aranges
                  0x000470         0x20 c:/program files/microchip/xc16/v2.10/bin/bin/../../lib\libc99-pic30-elf.a(unpackfx.DA_o)
 .debug_aranges
                  0x000490         0x20 c:/program files/microchip/xc16/v2.10/bin/bin/../../lib\libc99-pic30-elf.a(floatundisf.DA_o)
 .debug_aranges
                  0x0004b0         0x20 c:/program files/microchip/xc16/v2.10/bin/bin/../../lib\libc99-pic30-elf.a(fpack.DA_o)
 .debug_aranges
                  0x0004d0         0x20 c:/program files/microchip/xc16/v2.10/bin/bin/../../lib\libc99-pic30-elf.a(extendsfdf.DA_o)
 .debug_aranges
                  0x0004f0         0x20 c:/program files/microchip/xc16/v2.10/bin/bin/../../lib\libc99-pic30-elf.a(funpack.DA_o)
 .debug_aranges
                  0x000510         0x20 c:/program files/microchip/xc16/v2.10/bin/bin/../../lib\libc99-pic30-elf.a(mulsi3.DA_o)
                    0x0000                  WREG0 = 0x0
                    0x0000                  _WREG0 = 0x0
                    0x0002                  WREG1 = 0x2
                    0x0002                  _WREG1 = 0x2
                    0x0004                  WREG2 = 0x4
                    0x0004                  _WREG2 = 0x4
                    0x0006                  WREG3 = 0x6
                    0x0006                  _WREG3 = 0x6
                    0x0008                  WREG4 = 0x8
                    0x0008                  _WREG4 = 0x8
                    0x000a                  WREG5 = 0xa
                    0x000a                  _WREG5 = 0xa
                    0x000c                  WREG6 = 0xc
                    0x000c                  _WREG6 = 0xc
                    0x000e                  WREG7 = 0xe
                    0x000e                  _WREG7 = 0xe
                    0x0010                  WREG8 = 0x10
                    0x0010                  _WREG8 = 0x10
                    0x0012                  WREG9 = 0x12
                    0x0012                  _WREG9 = 0x12
                    0x0014                  WREG10 = 0x14
                    0x0014                  _WREG10 = 0x14
                    0x0016                  WREG11 = 0x16
                    0x0016                  _WREG11 = 0x16
                    0x0018                  WREG12 = 0x18
                    0x0018                  _WREG12 = 0x18
                    0x001a                  WREG13 = 0x1a
                    0x001a                  _WREG13 = 0x1a
                    0x001c                  WREG14 = 0x1c
                    0x001c                  _WREG14 = 0x1c
                    0x001e                  WREG15 = 0x1e
                    0x001e                  _WREG15 = 0x1e
                    0x0020                  SPLIM = 0x20
                    0x0020                  _SPLIM = 0x20
                    0x002e                  PCL = 0x2e
                    0x002e                  _PCL = 0x2e
                    0x0030                  PCH = 0x30
                    0x0030                  _PCH = 0x30
                    0x0032                  DSRPAG = 0x32
                    0x0032                  _DSRPAG = 0x32
                    0x0032                  _DSRPAGbits = 0x32
                    0x0034                  DSWPAG = 0x34
                    0x0034                  _DSWPAG = 0x34
                    0x0034                  _DSWPAGbits = 0x34
                    0x0036                  RCOUNT = 0x36
                    0x0036                  _RCOUNT = 0x36
                    0x0042                  SR = 0x42
                    0x0042                  _SR = 0x42
                    0x0042                  _SRbits = 0x42
                    0x0044                  CORCON = 0x44
                    0x0044                  _CORCON = 0x44
                    0x0044                  _CORCONbits = 0x44
                    0x0052                  DISICNT = 0x52
                    0x0052                  _DISICNT = 0x52
                    0x0052                  _DISICNTbits = 0x52
                    0x0054                  TBLPAG = 0x54
                    0x0054                  _TBLPAG = 0x54
                    0x0054                  _TBLPAGbits = 0x54
                    0x0080                  INTCON1 = 0x80
                    0x0080                  _INTCON1 = 0x80
                    0x0080                  _INTCON1bits = 0x80
                    0x0082                  INTCON2 = 0x82
                    0x0082                  _INTCON2 = 0x82
                    0x0082                  _INTCON2bits = 0x82
                    0x0086                  INTCON4 = 0x86
                    0x0086                  _INTCON4 = 0x86
                    0x0086                  _INTCON4bits = 0x86
                    0x0088                  IFS0 = 0x88
                    0x0088                  _IFS0 = 0x88
                    0x0088                  _IFS0bits = 0x88
                    0x008a                  IFS1 = 0x8a
                    0x008a                  _IFS1 = 0x8a
                    0x008a                  _IFS1bits = 0x8a
                    0x008c                  IFS2 = 0x8c
                    0x008c                  _IFS2 = 0x8c
                    0x008c                  _IFS2bits = 0x8c
                    0x008e                  IFS3 = 0x8e
                    0x008e                  _IFS3 = 0x8e
                    0x008e                  _IFS3bits = 0x8e
                    0x0090                  IFS4 = 0x90
                    0x0090                  _IFS4 = 0x90
                    0x0090                  _IFS4bits = 0x90
                    0x0092                  IFS5 = 0x92
                    0x0092                  _IFS5 = 0x92
                    0x0092                  _IFS5bits = 0x92
                    0x0094                  IFS6 = 0x94
                    0x0094                  _IFS6 = 0x94
                    0x0094                  _IFS6bits = 0x94
                    0x0096                  IFS7 = 0x96
                    0x0096                  _IFS7 = 0x96
                    0x0096                  _IFS7bits = 0x96
                    0x0098                  IEC0 = 0x98
                    0x0098                  _IEC0 = 0x98
                    0x0098                  _IEC0bits = 0x98
                    0x009a                  IEC1 = 0x9a
                    0x009a                  _IEC1 = 0x9a
                    0x009a                  _IEC1bits = 0x9a
                    0x009c                  IEC2 = 0x9c
                    0x009c                  _IEC2 = 0x9c
                    0x009c                  _IEC2bits = 0x9c
                    0x009e                  IEC3 = 0x9e
                    0x009e                  _IEC3 = 0x9e
                    0x009e                  _IEC3bits = 0x9e
                    0x00a0                  IEC4 = 0xa0
                    0x00a0                  _IEC4 = 0xa0
                    0x00a0                  _IEC4bits = 0xa0
                    0x00a2                  IEC5 = 0xa2
                    0x00a2                  _IEC5 = 0xa2
                    0x00a2                  _IEC5bits = 0xa2
                    0x00a4                  IEC6 = 0xa4
                    0x00a4                  _IEC6 = 0xa4
                    0x00a4                  _IEC6bits = 0xa4
                    0x00a6                  IEC7 = 0xa6
                    0x00a6                  _IEC7 = 0xa6
                    0x00a6                  _IEC7bits = 0xa6
                    0x00a8                  IPC0 = 0xa8
                    0x00a8                  _IPC0 = 0xa8
                    0x00a8                  _IPC0bits = 0xa8
                    0x00aa                  IPC1 = 0xaa
                    0x00aa                  _IPC1 = 0xaa
                    0x00aa                  _IPC1bits = 0xaa
                    0x00ac                  IPC2 = 0xac
                    0x00ac                  _IPC2 = 0xac
                    0x00ac                  _IPC2bits = 0xac
                    0x00ae                  IPC3 = 0xae
                    0x00ae                  _IPC3 = 0xae
                    0x00ae                  _IPC3bits = 0xae
                    0x00b0                  IPC4 = 0xb0
                    0x00b0                  _IPC4 = 0xb0
                    0x00b0                  _IPC4bits = 0xb0
                    0x00b2                  IPC5 = 0xb2
                    0x00b2                  _IPC5 = 0xb2
                    0x00b2                  _IPC5bits = 0xb2
                    0x00b4                  IPC6 = 0xb4
                    0x00b4                  _IPC6 = 0xb4
                    0x00b4                  _IPC6bits = 0xb4
                    0x00b6                  IPC7 = 0xb6
                    0x00b6                  _IPC7 = 0xb6
                    0x00b6                  _IPC7bits = 0xb6
                    0x00b8                  IPC8 = 0xb8
                    0x00b8                  _IPC8 = 0xb8
                    0x00b8                  _IPC8bits = 0xb8
                    0x00ba                  IPC9 = 0xba
                    0x00ba                  _IPC9 = 0xba
                    0x00ba                  _IPC9bits = 0xba
                    0x00bc                  IPC10 = 0xbc
                    0x00bc                  _IPC10 = 0xbc
                    0x00bc                  _IPC10bits = 0xbc
                    0x00be                  IPC11 = 0xbe
                    0x00be                  _IPC11 = 0xbe
                    0x00be                  _IPC11bits = 0xbe
                    0x00c0                  IPC12 = 0xc0
                    0x00c0                  _IPC12 = 0xc0
                    0x00c0                  _IPC12bits = 0xc0
                    0x00c2                  IPC13 = 0xc2
                    0x00c2                  _IPC13 = 0xc2
                    0x00c2                  _IPC13bits = 0xc2
                    0x00c4                  IPC14 = 0xc4
                    0x00c4                  _IPC14 = 0xc4
                    0x00c4                  _IPC14bits = 0xc4
                    0x00c6                  IPC15 = 0xc6
                    0x00c6                  _IPC15 = 0xc6
                    0x00c6                  _IPC15bits = 0xc6
                    0x00c8                  IPC16 = 0xc8
                    0x00c8                  _IPC16 = 0xc8
                    0x00c8                  _IPC16bits = 0xc8
                    0x00ca                  IPC17 = 0xca
                    0x00ca                  _IPC17 = 0xca
                    0x00ca                  _IPC17bits = 0xca
                    0x00cc                  IPC18 = 0xcc
                    0x00cc                  _IPC18 = 0xcc
                    0x00cc                  _IPC18bits = 0xcc
                    0x00ce                  IPC19 = 0xce
                    0x00ce                  _IPC19 = 0xce
                    0x00ce                  _IPC19bits = 0xce
                    0x00d0                  IPC20 = 0xd0
                    0x00d0                  _IPC20 = 0xd0
                    0x00d0                  _IPC20bits = 0xd0
                    0x00d2                  IPC21 = 0xd2
                    0x00d2                  _IPC21 = 0xd2
                    0x00d2                  _IPC21bits = 0xd2
                    0x00d4                  IPC22 = 0xd4
                    0x00d4                  _IPC22 = 0xd4
                    0x00d4                  _IPC22bits = 0xd4
                    0x00d6                  IPC23 = 0xd6
                    0x00d6                  _IPC23 = 0xd6
                    0x00d6                  _IPC23bits = 0xd6
                    0x00d8                  IPC24 = 0xd8
                    0x00d8                  _IPC24 = 0xd8
                    0x00d8                  _IPC24bits = 0xd8
                    0x00da                  IPC25 = 0xda
                    0x00da                  _IPC25 = 0xda
                    0x00da                  _IPC25bits = 0xda
                    0x00dc                  IPC26 = 0xdc
                    0x00dc                  _IPC26 = 0xdc
                    0x00dc                  _IPC26bits = 0xdc
                    0x00de                  IPC27 = 0xde
                    0x00de                  _IPC27 = 0xde
                    0x00de                  _IPC27bits = 0xde
                    0x00e0                  IPC28 = 0xe0
                    0x00e0                  _IPC28 = 0xe0
                    0x00e0                  _IPC28bits = 0xe0
                    0x00e2                  IPC29 = 0xe2
                    0x00e2                  _IPC29 = 0xe2
                    0x00e2                  _IPC29bits = 0xe2
                    0x00e4                  INTTREG = 0xe4
                    0x00e4                  _INTTREG = 0xe4
                    0x00e4                  _INTTREGbits = 0xe4
                    0x0100                  OSCCON = 0x100
                    0x0100                  _OSCCON = 0x100
                    0x0100                  _OSCCONbits = 0x100
                    0x0100                  OSCCONL = 0x100
                    0x0100                  _OSCCONL = 0x100
                    0x0101                  OSCCONH = 0x101
                    0x0101                  _OSCCONH = 0x101
                    0x0102                  CLKDIV = 0x102
                    0x0102                  _CLKDIV = 0x102
                    0x0102                  _CLKDIVbits = 0x102
                    0x0106                  OSCTUN = 0x106
                    0x0106                  _OSCTUN = 0x106
                    0x0106                  _OSCTUNbits = 0x106
                    0x0108                  DCOTUN = 0x108
                    0x0108                  _DCOTUN = 0x108
                    0x0108                  _DCOTUNbits = 0x108
                    0x010a                  DCOCON = 0x10a
                    0x010a                  _DCOCON = 0x10a
                    0x010a                  _DCOCONbits = 0x10a
                    0x010c                  OSCDIV = 0x10c
                    0x010c                  _OSCDIV = 0x10c
                    0x010c                  _OSCDIVbits = 0x10c
                    0x010e                  OSCFDIV = 0x10e
                    0x010e                  _OSCFDIV = 0x10e
                    0x010e                  _OSCFDIVbits = 0x10e
                    0x0110                  RCON = 0x110
                    0x0110                  _RCON = 0x110
                    0x0110                  _RCONbits = 0x110
                    0x0114                  HLVDCON = 0x114
                    0x0114                  _HLVDCON = 0x114
                    0x0114                  _HLVDCONbits = 0x114
                    0x0128                  PMCON1 = 0x128
                    0x0128                  _PMCON1 = 0x128
                    0x0128                  _PMCON1bits = 0x128
                    0x012a                  PMCON2 = 0x12a
                    0x012a                  _PMCON2 = 0x12a
                    0x012a                  _PMCON2bits = 0x12a
                    0x012c                  PMCON3 = 0x12c
                    0x012c                  _PMCON3 = 0x12c
                    0x012c                  _PMCON3bits = 0x12c
                    0x012e                  PMCON4 = 0x12e
                    0x012e                  _PMCON4 = 0x12e
                    0x012e                  _PMCON4bits = 0x12e
                    0x0130                  PMCS1CF = 0x130
                    0x0130                  _PMCS1CF = 0x130
                    0x0130                  _PMCS1CFbits = 0x130
                    0x0132                  PMCS1BS = 0x132
                    0x0132                  _PMCS1BS = 0x132
                    0x0132                  _PMCS1BSbits = 0x132
                    0x0134                  PMCS1MD = 0x134
                    0x0134                  _PMCS1MD = 0x134
                    0x0134                  _PMCS1MDbits = 0x134
                    0x0136                  PMCS2CF = 0x136
                    0x0136                  _PMCS2CF = 0x136
                    0x0136                  _PMCS2CFbits = 0x136
                    0x0138                  PMCS2BS = 0x138
                    0x0138                  _PMCS2BS = 0x138
                    0x0138                  _PMCS2BSbits = 0x138
                    0x013a                  PMCS2MD = 0x13a
                    0x013a                  _PMCS2MD = 0x13a
                    0x013a                  _PMCS2MDbits = 0x13a
                    0x013c                  PMDOUT1 = 0x13c
                    0x013c                  _PMDOUT1 = 0x13c
                    0x013e                  PMDOUT2 = 0x13e
                    0x013e                  _PMDOUT2 = 0x13e
                    0x0140                  PMDIN1 = 0x140
                    0x0140                  _PMDIN1 = 0x140
                    0x0142                  PMDIN2 = 0x142
                    0x0142                  _PMDIN2 = 0x142
                    0x0144                  PMSTAT = 0x144
                    0x0144                  _PMSTAT = 0x144
                    0x0144                  _PMSTATbits = 0x144
                    0x0158                  CRCCON1 = 0x158
                    0x0158                  _CRCCON1 = 0x158
                    0x0158                  _CRCCON1bits = 0x158
                    0x015a                  CRCCON2 = 0x15a
                    0x015a                  _CRCCON2 = 0x15a
                    0x015a                  _CRCCON2bits = 0x15a
                    0x015c                  CRCXORL = 0x15c
                    0x015c                  _CRCXORL = 0x15c
                    0x015c                  _CRCXORLbits = 0x15c
                    0x015e                  CRCXORH = 0x15e
                    0x015e                  _CRCXORH = 0x15e
                    0x015e                  _CRCXORHbits = 0x15e
                    0x0160                  CRCDAT = 0x160
                    0x0160                  _CRCDAT = 0x160
                    0x0160                  CRCDATL = 0x160
                    0x0160                  _CRCDATL = 0x160
                    0x0162                  CRCDATH = 0x162
                    0x0162                  _CRCDATH = 0x162
                    0x0164                  CRCWDAT = 0x164
                    0x0164                  _CRCWDAT = 0x164
                    0x0164                  CRCWDATL = 0x164
                    0x0164                  _CRCWDATL = 0x164
                    0x0166                  CRCWDATH = 0x166
                    0x0166                  _CRCWDATH = 0x166
                    0x0168                  REFOCON1 = 0x168
                    0x0168                  _REFOCON1 = 0x168
                    0x0168                  _REFOCON1bits = 0x168
                    0x0168                  REFOCONL = 0x168
                    0x0168                  _REFOCONL = 0x168
                    0x0168                  _REFOCONLbits = 0x168
                    0x016a                  REFOCON2 = 0x16a
                    0x016a                  _REFOCON2 = 0x16a
                    0x016a                  _REFOCON2bits = 0x16a
                    0x016a                  REFOCONH = 0x16a
                    0x016a                  _REFOCONH = 0x16a
                    0x016a                  _REFOCONHbits = 0x16a
                    0x0178                  PMD1 = 0x178
                    0x0178                  _PMD1 = 0x178
                    0x0178                  _PMD1bits = 0x178
                    0x017a                  PMD2 = 0x17a
                    0x017a                  _PMD2 = 0x17a
                    0x017a                  _PMD2bits = 0x17a
                    0x017c                  PMD3 = 0x17c
                    0x017c                  _PMD3 = 0x17c
                    0x017c                  _PMD3bits = 0x17c
                    0x017e                  PMD4 = 0x17e
                    0x017e                  _PMD4 = 0x17e
                    0x017e                  _PMD4bits = 0x17e
                    0x0180                  PMD5 = 0x180
                    0x0180                  _PMD5 = 0x180
                    0x0180                  _PMD5bits = 0x180
                    0x0182                  PMD6 = 0x182
                    0x0182                  _PMD6 = 0x182
                    0x0182                  _PMD6bits = 0x182
                    0x0184                  PMD7 = 0x184
                    0x0184                  _PMD7 = 0x184
                    0x0184                  _PMD7bits = 0x184
                    0x0186                  PMD8 = 0x186
                    0x0186                  _PMD8 = 0x186
                    0x0186                  _PMD8bits = 0x186
                    0x0190                  TMR1 = 0x190
                    0x0190                  _TMR1 = 0x190
                    0x0192                  PR1 = 0x192
                    0x0192                  _PR1 = 0x192
                    0x0194                  T1CON = 0x194
                    0x0194                  _T1CON = 0x194
                    0x0194                  _T1CONbits = 0x194
                    0x0196                  TMR2 = 0x196
                    0x0196                  _TMR2 = 0x196
                    0x0198                  TMR3HLD = 0x198
                    0x0198                  _TMR3HLD = 0x198
                    0x019a                  TMR3 = 0x19a
                    0x019a                  _TMR3 = 0x19a
                    0x019c                  PR2 = 0x19c
                    0x019c                  _PR2 = 0x19c
                    0x019e                  PR3 = 0x19e
                    0x019e                  _PR3 = 0x19e
                    0x01a0                  T2CON = 0x1a0
                    0x01a0                  _T2CON = 0x1a0
                    0x01a0                  _T2CONbits = 0x1a0
                    0x01a2                  T3CON = 0x1a2
                    0x01a2                  _T3CON = 0x1a2
                    0x01a2                  _T3CONbits = 0x1a2
                    0x01c0                  CTMUCON1L = 0x1c0
                    0x01c0                  _CTMUCON1L = 0x1c0
                    0x01c0                  _CTMUCON1Lbits = 0x1c0
                    0x01c2                  CTMUCON1H = 0x1c2
                    0x01c2                  _CTMUCON1H = 0x1c2
                    0x01c2                  _CTMUCON1Hbits = 0x1c2
                    0x01c4                  CTMUCON2L = 0x1c4
                    0x01c4                  _CTMUCON2L = 0x1c4
                    0x01c4                  _CTMUCON2Lbits = 0x1c4
                    0x01cc                  RTCCON1L = 0x1cc
                    0x01cc                  _RTCCON1L = 0x1cc
                    0x01cc                  _RTCCON1Lbits = 0x1cc
                    0x01ce                  RTCCON1H = 0x1ce
                    0x01ce                  _RTCCON1H = 0x1ce
                    0x01ce                  _RTCCON1Hbits = 0x1ce
                    0x01d0                  RTCCON2L = 0x1d0
                    0x01d0                  _RTCCON2L = 0x1d0
                    0x01d0                  _RTCCON2Lbits = 0x1d0
                    0x01d2                  RTCCON2H = 0x1d2
                    0x01d2                  _RTCCON2H = 0x1d2
                    0x01d4                  RTCCON3L = 0x1d4
                    0x01d4                  _RTCCON3L = 0x1d4
                    0x01d4                  _RTCCON3Lbits = 0x1d4
                    0x01d8                  RTCSTATL = 0x1d8
                    0x01d8                  _RTCSTATL = 0x1d8
                    0x01d8                  _RTCSTATLbits = 0x1d8
                    0x01dc                  TIMEL = 0x1dc
                    0x01dc                  _TIMEL = 0x1dc
                    0x01dc                  _TIMELbits = 0x1dc
                    0x01de                  TIMEH = 0x1de
                    0x01de                  _TIMEH = 0x1de
                    0x01de                  _TIMEHbits = 0x1de
                    0x01e0                  DATEL = 0x1e0
                    0x01e0                  _DATEL = 0x1e0
                    0x01e0                  _DATELbits = 0x1e0
                    0x01e2                  DATEH = 0x1e2
                    0x01e2                  _DATEH = 0x1e2
                    0x01e2                  _DATEHbits = 0x1e2
                    0x01e4                  ALMTIMEL = 0x1e4
                    0x01e4                  _ALMTIMEL = 0x1e4
                    0x01e4                  _ALMTIMELbits = 0x1e4
                    0x01e6                  ALMTIMEH = 0x1e6
                    0x01e6                  _ALMTIMEH = 0x1e6
                    0x01e6                  _ALMTIMEHbits = 0x1e6
                    0x01e8                  ALMDATEL = 0x1e8
                    0x01e8                  _ALMDATEL = 0x1e8
                    0x01e8                  _ALMDATELbits = 0x1e8
                    0x01ea                  ALMDATEH = 0x1ea
                    0x01ea                  _ALMDATEH = 0x1ea
                    0x01ea                  _ALMDATEHbits = 0x1ea
                    0x01ec                  TSATIMEL = 0x1ec
                    0x01ec                  _TSATIMEL = 0x1ec
                    0x01ec                  _TSATIMELbits = 0x1ec
                    0x01ee                  TSATIMEH = 0x1ee
                    0x01ee                  _TSATIMEH = 0x1ee
                    0x01ee                  _TSATIMEHbits = 0x1ee
                    0x01f0                  TSADATEL = 0x1f0
                    0x01f0                  _TSADATEL = 0x1f0
                    0x01f0                  _TSADATELbits = 0x1f0
                    0x01f2                  TSADATEH = 0x1f2
                    0x01f2                  _TSADATEH = 0x1f2
                    0x01f2                  _TSADATEHbits = 0x1f2
                    0x0200                  IC1CON1 = 0x200
                    0x0200                  _IC1CON1 = 0x200
                    0x0200                  _IC1CON1bits = 0x200
                    0x0202                  IC1CON2 = 0x202
                    0x0202                  _IC1CON2 = 0x202
                    0x0202                  _IC1CON2bits = 0x202
                    0x0204                  IC1BUF = 0x204
                    0x0204                  _IC1BUF = 0x204
                    0x0206                  IC1TMR = 0x206
                    0x0206                  _IC1TMR = 0x206
                    0x0208                  IC2CON1 = 0x208
                    0x0208                  _IC2CON1 = 0x208
                    0x0208                  _IC2CON1bits = 0x208
                    0x020a                  IC2CON2 = 0x20a
                    0x020a                  _IC2CON2 = 0x20a
                    0x020a                  _IC2CON2bits = 0x20a
                    0x020c                  IC2BUF = 0x20c
                    0x020c                  _IC2BUF = 0x20c
                    0x020e                  IC2TMR = 0x20e
                    0x020e                  _IC2TMR = 0x20e
                    0x0210                  IC3CON1 = 0x210
                    0x0210                  _IC3CON1 = 0x210
                    0x0210                  _IC3CON1bits = 0x210
                    0x0212                  IC3CON2 = 0x212
                    0x0212                  _IC3CON2 = 0x212
                    0x0212                  _IC3CON2bits = 0x212
                    0x0214                  IC3BUF = 0x214
                    0x0214                  _IC3BUF = 0x214
                    0x0216                  IC3TMR = 0x216
                    0x0216                  _IC3TMR = 0x216
                    0x0230                  OC1CON1 = 0x230
                    0x0230                  _OC1CON1 = 0x230
                    0x0230                  _OC1CON1bits = 0x230
                    0x0232                  OC1CON2 = 0x232
                    0x0232                  _OC1CON2 = 0x232
                    0x0232                  _OC1CON2bits = 0x232
                    0x0234                  OC1RS = 0x234
                    0x0234                  _OC1RS = 0x234
                    0x0236                  OC1R = 0x236
                    0x0236                  _OC1R = 0x236
                    0x0238                  OC1TMR = 0x238
                    0x0238                  _OC1TMR = 0x238
                    0x023a                  OC2CON1 = 0x23a
                    0x023a                  _OC2CON1 = 0x23a
                    0x023a                  _OC2CON1bits = 0x23a
                    0x023c                  OC2CON2 = 0x23c
                    0x023c                  _OC2CON2 = 0x23c
                    0x023c                  _OC2CON2bits = 0x23c
                    0x023e                  OC2RS = 0x23e
                    0x023e                  _OC2RS = 0x23e
                    0x0240                  OC2R = 0x240
                    0x0240                  _OC2R = 0x240
                    0x0242                  OC2TMR = 0x242
                    0x0242                  _OC2TMR = 0x242
                    0x0244                  OC3CON1 = 0x244
                    0x0244                  _OC3CON1 = 0x244
                    0x0244                  _OC3CON1bits = 0x244
                    0x0246                  OC3CON2 = 0x246
                    0x0246                  _OC3CON2 = 0x246
                    0x0246                  _OC3CON2bits = 0x246
                    0x0248                  OC3RS = 0x248
                    0x0248                  _OC3RS = 0x248
                    0x024a                  OC3R = 0x24a
                    0x024a                  _OC3R = 0x24a
                    0x024c                  OC3TMR = 0x24c
                    0x024c                  _OC3TMR = 0x24c
                    0x026c                  CCP1CON1L = 0x26c
                    0x026c                  _CCP1CON1L = 0x26c
                    0x026c                  _CCP1CON1Lbits = 0x26c
                    0x026e                  CCP1CON1H = 0x26e
                    0x026e                  _CCP1CON1H = 0x26e
                    0x026e                  _CCP1CON1Hbits = 0x26e
                    0x0270                  CCP1CON2L = 0x270
                    0x0270                  _CCP1CON2L = 0x270
                    0x0270                  _CCP1CON2Lbits = 0x270
                    0x0272                  CCP1CON2H = 0x272
                    0x0272                  _CCP1CON2H = 0x272
                    0x0272                  _CCP1CON2Hbits = 0x272
                    0x0274                  CCP1CON3L = 0x274
                    0x0274                  _CCP1CON3L = 0x274
                    0x0274                  _CCP1CON3Lbits = 0x274
                    0x0276                  CCP1CON3H = 0x276
                    0x0276                  _CCP1CON3H = 0x276
                    0x0276                  _CCP1CON3Hbits = 0x276
                    0x0278                  CCP1STAT = 0x278
                    0x0278                  _CCP1STAT = 0x278
                    0x0278                  _CCP1STATbits = 0x278
                    0x0278                  CCP1STATL = 0x278
                    0x0278                  _CCP1STATL = 0x278
                    0x0278                  _CCP1STATLbits = 0x278
                    0x027a                  CCP1STATH = 0x27a
                    0x027a                  _CCP1STATH = 0x27a
                    0x027a                  _CCP1STATHbits = 0x27a
                    0x027c                  CCP1TMRL = 0x27c
                    0x027c                  _CCP1TMRL = 0x27c
                    0x027e                  CCP1TMRH = 0x27e
                    0x027e                  _CCP1TMRH = 0x27e
                    0x0280                  CCP1PRL = 0x280
                    0x0280                  _CCP1PRL = 0x280
                    0x0282                  CCP1PRH = 0x282
                    0x0282                  _CCP1PRH = 0x282
                    0x0284                  CCP1RA = 0x284
                    0x0284                  _CCP1RA = 0x284
                    0x0284                  CCP1RAL = 0x284
                    0x0284                  _CCP1RAL = 0x284
                    0x0286                  CCP1RAH = 0x286
                    0x0286                  _CCP1RAH = 0x286
                    0x0288                  CCP1RB = 0x288
                    0x0288                  _CCP1RB = 0x288
                    0x0288                  CCP1RBL = 0x288
                    0x0288                  _CCP1RBL = 0x288
                    0x028a                  CCP1RBH = 0x28a
                    0x028a                  _CCP1RBH = 0x28a
                    0x028c                  CCP1BUFL = 0x28c
                    0x028c                  _CCP1BUFL = 0x28c
                    0x028e                  CCP1BUFH = 0x28e
                    0x028e                  _CCP1BUFH = 0x28e
                    0x0290                  CCP2CON1L = 0x290
                    0x0290                  _CCP2CON1L = 0x290
                    0x0290                  _CCP2CON1Lbits = 0x290
                    0x0292                  CCP2CON1H = 0x292
                    0x0292                  _CCP2CON1H = 0x292
                    0x0292                  _CCP2CON1Hbits = 0x292
                    0x0294                  CCP2CON2L = 0x294
                    0x0294                  _CCP2CON2L = 0x294
                    0x0294                  _CCP2CON2Lbits = 0x294
                    0x0296                  CCP2CON2H = 0x296
                    0x0296                  _CCP2CON2H = 0x296
                    0x0296                  _CCP2CON2Hbits = 0x296
                    0x029a                  CCP2CON3H = 0x29a
                    0x029a                  _CCP2CON3H = 0x29a
                    0x029a                  _CCP2CON3Hbits = 0x29a
                    0x029c                  CCP2STAT = 0x29c
                    0x029c                  _CCP2STAT = 0x29c
                    0x029c                  _CCP2STATbits = 0x29c
                    0x029c                  CCP2STATL = 0x29c
                    0x029c                  _CCP2STATL = 0x29c
                    0x029c                  _CCP2STATLbits = 0x29c
                    0x029e                  CCP2STATH = 0x29e
                    0x029e                  _CCP2STATH = 0x29e
                    0x029e                  _CCP2STATHbits = 0x29e
                    0x02a0                  CCP2TMRL = 0x2a0
                    0x02a0                  _CCP2TMRL = 0x2a0
                    0x02a2                  CCP2TMRH = 0x2a2
                    0x02a2                  _CCP2TMRH = 0x2a2
                    0x02a4                  CCP2PRL = 0x2a4
                    0x02a4                  _CCP2PRL = 0x2a4
                    0x02a6                  CCP2PRH = 0x2a6
                    0x02a6                  _CCP2PRH = 0x2a6
                    0x02a8                  CCP2RA = 0x2a8
                    0x02a8                  _CCP2RA = 0x2a8
                    0x02a8                  CCP2RAL = 0x2a8
                    0x02a8                  _CCP2RAL = 0x2a8
                    0x02aa                  CCP2RAH = 0x2aa
                    0x02aa                  _CCP2RAH = 0x2aa
                    0x02ac                  CCP2RB = 0x2ac
                    0x02ac                  _CCP2RB = 0x2ac
                    0x02ac                  CCP2RBL = 0x2ac
                    0x02ac                  _CCP2RBL = 0x2ac
                    0x02ae                  CCP2RBH = 0x2ae
                    0x02ae                  _CCP2RBH = 0x2ae
                    0x02b0                  CCP2BUFL = 0x2b0
                    0x02b0                  _CCP2BUFL = 0x2b0
                    0x02b2                  CCP2BUFH = 0x2b2
                    0x02b2                  _CCP2BUFH = 0x2b2
                    0x02b4                  CCP3CON1L = 0x2b4
                    0x02b4                  _CCP3CON1L = 0x2b4
                    0x02b4                  _CCP3CON1Lbits = 0x2b4
                    0x02b6                  CCP3CON1H = 0x2b6
                    0x02b6                  _CCP3CON1H = 0x2b6
                    0x02b6                  _CCP3CON1Hbits = 0x2b6
                    0x02b8                  CCP3CON2L = 0x2b8
                    0x02b8                  _CCP3CON2L = 0x2b8
                    0x02b8                  _CCP3CON2Lbits = 0x2b8
                    0x02ba                  CCP3CON2H = 0x2ba
                    0x02ba                  _CCP3CON2H = 0x2ba
                    0x02ba                  _CCP3CON2Hbits = 0x2ba
                    0x02be                  CCP3CON3H = 0x2be
                    0x02be                  _CCP3CON3H = 0x2be
                    0x02be                  _CCP3CON3Hbits = 0x2be
                    0x02c0                  CCP3STAT = 0x2c0
                    0x02c0                  _CCP3STAT = 0x2c0
                    0x02c0                  _CCP3STATbits = 0x2c0
                    0x02c0                  CCP3STATL = 0x2c0
                    0x02c0                  _CCP3STATL = 0x2c0
                    0x02c0                  _CCP3STATLbits = 0x2c0
                    0x02c2                  CCP3STATH = 0x2c2
                    0x02c2                  _CCP3STATH = 0x2c2
                    0x02c2                  _CCP3STATHbits = 0x2c2
                    0x02c4                  CCP3TMRL = 0x2c4
                    0x02c4                  _CCP3TMRL = 0x2c4
                    0x02c6                  CCP3TMRH = 0x2c6
                    0x02c6                  _CCP3TMRH = 0x2c6
                    0x02c8                  CCP3PRL = 0x2c8
                    0x02c8                  _CCP3PRL = 0x2c8
                    0x02ca                  CCP3PRH = 0x2ca
                    0x02ca                  _CCP3PRH = 0x2ca
                    0x02cc                  CCP3RA = 0x2cc
                    0x02cc                  _CCP3RA = 0x2cc
                    0x02cc                  CCP3RAL = 0x2cc
                    0x02cc                  _CCP3RAL = 0x2cc
                    0x02ce                  CCP3RAH = 0x2ce
                    0x02ce                  _CCP3RAH = 0x2ce
                    0x02d0                  CCP3RB = 0x2d0
                    0x02d0                  _CCP3RB = 0x2d0
                    0x02d0                  CCP3RBL = 0x2d0
                    0x02d0                  _CCP3RBL = 0x2d0
                    0x02d2                  CCP3RBH = 0x2d2
                    0x02d2                  _CCP3RBH = 0x2d2
                    0x02d4                  CCP3BUFL = 0x2d4
                    0x02d4                  _CCP3BUFL = 0x2d4
                    0x02d6                  CCP3BUFH = 0x2d6
                    0x02d6                  _CCP3BUFH = 0x2d6
                    0x02e6                  CMSTAT = 0x2e6
                    0x02e6                  _CMSTAT = 0x2e6
                    0x02e6                  _CMSTATbits = 0x2e6
                    0x02e8                  CVRCON = 0x2e8
                    0x02e8                  _CVRCON = 0x2e8
                    0x02e8                  _CVRCONbits = 0x2e8
                    0x02ea                  CM1CON = 0x2ea
                    0x02ea                  _CM1CON = 0x2ea
                    0x02ea                  _CM1CONbits = 0x2ea
                    0x02ec                  CM2CON = 0x2ec
                    0x02ec                  _CM2CON = 0x2ec
                    0x02ec                  _CM2CONbits = 0x2ec
                    0x02ee                  CM3CON = 0x2ee
                    0x02ee                  _CM3CON = 0x2ee
                    0x02ee                  _CM3CONbits = 0x2ee
                    0x02f4                  ANCFG = 0x2f4
                    0x02f4                  _ANCFG = 0x2f4
                    0x02f4                  _ANCFGbits = 0x2f4
                    0x0300                  CCP4CON1L = 0x300
                    0x0300                  _CCP4CON1L = 0x300
                    0x0300                  _CCP4CON1Lbits = 0x300
                    0x0302                  CCP4CON1H = 0x302
                    0x0302                  _CCP4CON1H = 0x302
                    0x0302                  _CCP4CON1Hbits = 0x302
                    0x0304                  CCP4CON2L = 0x304
                    0x0304                  _CCP4CON2L = 0x304
                    0x0304                  _CCP4CON2Lbits = 0x304
                    0x0306                  CCP4CON2H = 0x306
                    0x0306                  _CCP4CON2H = 0x306
                    0x0306                  _CCP4CON2Hbits = 0x306
                    0x030a                  CCP4CON3H = 0x30a
                    0x030a                  _CCP4CON3H = 0x30a
                    0x030a                  _CCP4CON3Hbits = 0x30a
                    0x030c                  CCP4STAT = 0x30c
                    0x030c                  _CCP4STAT = 0x30c
                    0x030c                  _CCP4STATbits = 0x30c
                    0x030c                  CCP4STATL = 0x30c
                    0x030c                  _CCP4STATL = 0x30c
                    0x030c                  _CCP4STATLbits = 0x30c
                    0x030e                  CCP4STATH = 0x30e
                    0x030e                  _CCP4STATH = 0x30e
                    0x030e                  _CCP4STATHbits = 0x30e
                    0x0310                  CCP4TMRL = 0x310
                    0x0310                  _CCP4TMRL = 0x310
                    0x0312                  CCP4TMRH = 0x312
                    0x0312                  _CCP4TMRH = 0x312
                    0x0314                  CCP4PRL = 0x314
                    0x0314                  _CCP4PRL = 0x314
                    0x0316                  CCP4PRH = 0x316
                    0x0316                  _CCP4PRH = 0x316
                    0x0318                  CCP4RA = 0x318
                    0x0318                  _CCP4RA = 0x318
                    0x0318                  CCP4RAL = 0x318
                    0x0318                  _CCP4RAL = 0x318
                    0x031a                  CCP4RAH = 0x31a
                    0x031a                  _CCP4RAH = 0x31a
                    0x031c                  CCP4RB = 0x31c
                    0x031c                  _CCP4RB = 0x31c
                    0x031c                  CCP4RBL = 0x31c
                    0x031c                  _CCP4RBL = 0x31c
                    0x031e                  CCP4RBH = 0x31e
                    0x031e                  _CCP4RBH = 0x31e
                    0x0320                  CCP4BUFL = 0x320
                    0x0320                  _CCP4BUFL = 0x320
                    0x0322                  CCP4BUFH = 0x322
                    0x0322                  _CCP4BUFH = 0x322
                    0x0398                  U1MODE = 0x398
                    0x0398                  _U1MODE = 0x398
                    0x0398                  _U1MODEbits = 0x398
                    0x039a                  U1STA = 0x39a
                    0x039a                  _U1STA = 0x39a
                    0x039a                  _U1STAbits = 0x39a
                    0x039c                  U1TXREG = 0x39c
                    0x039c                  _U1TXREG = 0x39c
                    0x039c                  _U1TXREGbits = 0x39c
                    0x039e                  U1RXREG = 0x39e
                    0x039e                  _U1RXREG = 0x39e
                    0x03a0                  U1BRG = 0x3a0
                    0x03a0                  _U1BRG = 0x3a0
                    0x03a2                  U1ADMD = 0x3a2
                    0x03a2                  _U1ADMD = 0x3a2
                    0x03a2                  _U1ADMDbits = 0x3a2
                    0x03a4                  U1SCCON = 0x3a4
                    0x03a4                  _U1SCCON = 0x3a4
                    0x03a4                  _U1SCCONbits = 0x3a4
                    0x03a6                  U1SCINT = 0x3a6
                    0x03a6                  _U1SCINT = 0x3a6
                    0x03a6                  _U1SCINTbits = 0x3a6
                    0x03a8                  U1GTC = 0x3a8
                    0x03a8                  _U1GTC = 0x3a8
                    0x03a8                  _U1GTCbits = 0x3a8
                    0x03aa                  U1WTCL = 0x3aa
                    0x03aa                  _U1WTCL = 0x3aa
                    0x03aa                  _U1WTCLbits = 0x3aa
                    0x03ac                  U1WTCH = 0x3ac
                    0x03ac                  _U1WTCH = 0x3ac